******************************************************************************
                  TI ARM Linker PC v5.1.1                      
******************************************************************************
>> Linked Thu Oct 17 23:37:53 2013

OUTPUT FILE NAME:   <SimpleSpeaker.out>
ENTRY POINT SYMBOL: "_c_int00"  address: 0000048d


MEMORY CONFIGURATION

         name            origin    length      used     unused   attr    fill
----------------------  --------  ---------  --------  --------  ----  --------
  FLASH                 00000000   00040000  000005c8  0003fa38  R  X
  SRAM                  20000000   00008000  00000814  000077ec  RW X


SEGMENT ALLOCATION MAP

run origin  load origin   length   init length attrs members
----------  ----------- ---------- ----------- ----- -------
00000000    00000000    000005c8   000005c8    r-x
  00000000    00000000    0000026c   0000026c    r-- .intvecs
  0000026c    0000026c    0000033c   0000033c    r-x .text
  000005a8    000005a8    00000020   00000020    r-- .cinit
20000000    20000000    00000814   00000000    rw-
  20000000    20000000    00000800   00000000    rw- .stack
  20000800    20000800    00000014   00000000    rw- .data


SECTION ALLOCATION MAP

 output                                  attributes/
section   page    origin      length       input sections
--------  ----  ----------  ----------   ----------------
.intvecs   0    00000000    0000026c     
                  00000000    0000026c     lm4f120h5qr_startup_ccs.obj (.intvecs)

.init_array 
*          0    00000000    00000000     UNINITIALIZED

.text      0    0000026c    0000033c     
                  0000026c    0000009c     rtsv7M4_T_le_v4SPD16_eabi.lib : memcpy_t2.obj (.text)
                  00000308    00000094                                   : auto_init.obj (.text)
                  0000039c    00000090     main.obj (.text)
                  0000042c    0000005e     rtsv7M4_T_le_v4SPD16_eabi.lib : copy_decompress_rle.obj (.text)
                  0000048a    00000002     --HOLE-- [fill = 0]
                  0000048c    00000048                                   : boot.obj (.text)
                  000004d4    00000044                                   : cpy_tbl.obj (.text)
                  00000518    00000044                                   : exit.obj (.text)
                  0000055c    00000018                                   : args_main.obj (.text)
                  00000574    00000014                                   : _lock.obj (.text)
                  00000588    0000000e                                   : copy_decompress_none.obj (.text:decompress:none)
                  00000596    0000000c     lm4f120h5qr_startup_ccs.obj (.text)
                  000005a2    00000006     rtsv7M4_T_le_v4SPD16_eabi.lib : copy_decompress_rle.obj (.text:decompress:rle24)

.cinit     0    000005a8    00000020     
                  000005a8    0000000f     (.cinit..data.load) [load image, compression = rle]
                  000005b7    00000001     --HOLE-- [fill = 0]
                  000005b8    00000008     (__TI_handler_table)
                  000005c0    00000008     (__TI_cinit_table)

.stack     0    20000000    00000800     UNINITIALIZED
                  20000000    00000800     --HOLE--

.data      0    20000800    00000014     UNINITIALIZED
                  20000800    00000008     rtsv7M4_T_le_v4SPD16_eabi.lib : _lock.obj (.data)
                  20000808    00000008                                   : exit.obj (.data)
                  20000810    00000004                                   : stkdepth_vars.obj (.data)


LINKER GENERATED COPY TABLES

__TI_cinit_table @ 000005c0 records: 1, size/record: 8, table size: 8
	.data: load addr=000005a8, load size=0000000f bytes, run addr=20000800, run size=00000014 bytes, compression=rle


LINKER GENERATED HANDLER TABLE

__TI_handler_table @ 000005b8 records: 2, size/record: 4, table size: 8
	index: 0, handler: __TI_decompress_rle24
	index: 1, handler: __TI_decompress_none


GLOBAL SYMBOLS: SORTED ALPHABETICALLY BY Name 

address    name
--------   ----
00000519   C$$EXIT
00000597   ResetISR
UNDEFED    SHT$$INIT_ARRAY$$Base
UNDEFED    SHT$$INIT_ARRAY$$Limit
20000800   __STACK_END
00000800   __STACK_SIZE
20000200   __STACK_TOP
000005c0   __TI_CINIT_Base
000005c8   __TI_CINIT_Limit
000005b8   __TI_Handler_Table_Base
000005c0   __TI_Handler_Table_Limit
00000001   __TI_args_main
00000309   __TI_auto_init
20000808   __TI_cleanup_ptr
00000589   __TI_decompress_none
000005a3   __TI_decompress_rle24
2000080c   __TI_dtors_ptr
00000000   __TI_static_base__
0000026d   __aeabi_memcpy
0000026d   __aeabi_memcpy4
0000026d   __aeabi_memcpy8
ffffffff   __binit__
ffffffff   __c_args__
20000000   __stack
0000055d   _args_main
0000048d   _c_int00
20000800   _lock
00000583   _nop
0000057b   _register_lock
00000575   _register_unlock
20000804   _unlock
0000051d   abort
ffffffff   binit
000004d5   copy_in
00000525   exit
00000000   g_pfnVectors
0000039d   main
20000810   main_func_sp
0000026d   memcpy


GLOBAL SYMBOLS: SORTED BY Symbol Address 

address    name
--------   ----
00000000   __TI_static_base__
00000000   g_pfnVectors
00000001   __TI_args_main
0000026d   __aeabi_memcpy
0000026d   __aeabi_memcpy4
0000026d   __aeabi_memcpy8
0000026d   memcpy
00000309   __TI_auto_init
0000039d   main
0000048d   _c_int00
000004d5   copy_in
00000519   C$$EXIT
0000051d   abort
00000525   exit
0000055d   _args_main
00000575   _register_unlock
0000057b   _register_lock
00000583   _nop
00000589   __TI_decompress_none
00000597   ResetISR
000005a3   __TI_decompress_rle24
000005b8   __TI_Handler_Table_Base
000005c0   __TI_CINIT_Base
000005c0   __TI_Handler_Table_Limit
000005c8   __TI_CINIT_Limit
00000800   __STACK_SIZE
20000000   __stack
20000200   __STACK_TOP
20000800   __STACK_END
20000800   _lock
20000804   _unlock
20000808   __TI_cleanup_ptr
2000080c   __TI_dtors_ptr
20000810   main_func_sp
ffffffff   __binit__
ffffffff   __c_args__
ffffffff   binit
UNDEFED    SHT$$INIT_ARRAY$$Base
UNDEFED    SHT$$INIT_ARRAY$$Limit

[39 symbols]
